// Jest Snapshot v1, https://goo.gl/fbAQLP

exports[`Container should render (snapshot) 1`] = `
<DocumentFragment>
  <div
    class="max-w-[1440px] w-full mx-auto px-5"
  >
    <div>
      children
    </div>
  </div>
</DocumentFragment>
`;
