// Jest Snapshot v1, https://goo.gl/fbAQLP

exports[`Navbar should render (snapshot) 1`] = `
<DocumentFragment>
  <nav
    class="bg-secondary h-16 md:h-20 xl:h-24 flex items-center"
  >
    <div
      class="mx-auto w-full max-w-[1440px] px-5 xl:px-11"
    >
      <a
        href="/"
      >
        <h2
          class="scroll-m-20 text-2xl md:text-3xl xl:text-4xl font-black capitalize text-white"
        >
          React Weather
        </h2>
      </a>
    </div>
  </nav>
</DocumentFragment>
`;
